[0.451s] Invoking command in '/home/tomliu/Programs/assignment3-ROS2/src/my_first_package': CONDA_PROMPT_MODIFIER=(base) PYTHONPATH=/home/tomliu/Programs/assignment3-ROS2/build/my_first_package/prefix_override:/usr/lib/python3/dist-packages/colcon_core/task/python/colcon_distutils_commands:/home/tomliu/Programs/assignment3-ROS2/install/my_first_package/lib/python3.10/site-packages:${PYTHONPATH} /usr/bin/python3 -W ignore:setup.py install is deprecated -W ignore:easy_install command is deprecated setup.py egg_info --egg-base ../../build/my_first_package build --build-base /home/tomliu/Programs/assignment3-ROS2/build/my_first_package/build install --record /home/tomliu/Programs/assignment3-ROS2/build/my_first_package/install.log --install-scripts $base/lib/my_first_package --single-version-externally-managed install_data
[0.579s] running egg_info
[0.580s] creating ../../build/my_first_package/my_first_package.egg-info
[0.580s] writing ../../build/my_first_package/my_first_package.egg-info/PKG-INFO
[0.580s] writing dependency_links to ../../build/my_first_package/my_first_package.egg-info/dependency_links.txt
[0.580s] writing entry points to ../../build/my_first_package/my_first_package.egg-info/entry_points.txt
[0.580s] writing requirements to ../../build/my_first_package/my_first_package.egg-info/requires.txt
[0.580s] writing top-level names to ../../build/my_first_package/my_first_package.egg-info/top_level.txt
[0.580s] writing manifest file '../../build/my_first_package/my_first_package.egg-info/SOURCES.txt'
[0.581s] reading manifest file '../../build/my_first_package/my_first_package.egg-info/SOURCES.txt'
[0.582s] writing manifest file '../../build/my_first_package/my_first_package.egg-info/SOURCES.txt'
[0.582s] running build
[0.582s] running build_py
[0.582s] creating /home/tomliu/Programs/assignment3-ROS2/build/my_first_package/build
[0.582s] creating /home/tomliu/Programs/assignment3-ROS2/build/my_first_package/build/lib
[0.582s] creating /home/tomliu/Programs/assignment3-ROS2/build/my_first_package/build/lib/my_first_package
[0.582s] copying my_first_package/simple_publisher.py -> /home/tomliu/Programs/assignment3-ROS2/build/my_first_package/build/lib/my_first_package
[0.582s] copying my_first_package/__init__.py -> /home/tomliu/Programs/assignment3-ROS2/build/my_first_package/build/lib/my_first_package
[0.582s] running install
[0.583s] running install_lib
[0.583s] creating /home/tomliu/Programs/assignment3-ROS2/install/my_first_package/lib/python3.10/site-packages/my_first_package
[0.583s] copying /home/tomliu/Programs/assignment3-ROS2/build/my_first_package/build/lib/my_first_package/simple_publisher.py -> /home/tomliu/Programs/assignment3-ROS2/install/my_first_package/lib/python3.10/site-packages/my_first_package
[0.583s] copying /home/tomliu/Programs/assignment3-ROS2/build/my_first_package/build/lib/my_first_package/__init__.py -> /home/tomliu/Programs/assignment3-ROS2/install/my_first_package/lib/python3.10/site-packages/my_first_package
[0.583s] byte-compiling /home/tomliu/Programs/assignment3-ROS2/install/my_first_package/lib/python3.10/site-packages/my_first_package/simple_publisher.py to simple_publisher.cpython-310.pyc
[0.584s] byte-compiling /home/tomliu/Programs/assignment3-ROS2/install/my_first_package/lib/python3.10/site-packages/my_first_package/__init__.py to __init__.cpython-310.pyc
[0.584s] running install_data
[0.584s] creating /home/tomliu/Programs/assignment3-ROS2/install/my_first_package/share/ament_index
[0.584s] creating /home/tomliu/Programs/assignment3-ROS2/install/my_first_package/share/ament_index/resource_index
[0.584s] creating /home/tomliu/Programs/assignment3-ROS2/install/my_first_package/share/ament_index/resource_index/packages
[0.584s] copying resource/my_first_package -> /home/tomliu/Programs/assignment3-ROS2/install/my_first_package/share/ament_index/resource_index/packages
[0.584s] copying package.xml -> /home/tomliu/Programs/assignment3-ROS2/install/my_first_package/share/my_first_package
[0.584s] running install_egg_info
[0.585s] Copying ../../build/my_first_package/my_first_package.egg-info to /home/tomliu/Programs/assignment3-ROS2/install/my_first_package/lib/python3.10/site-packages/my_first_package-0.0.0-py3.10.egg-info
[0.586s] running install_scripts
[0.598s] Installing talker script to /home/tomliu/Programs/assignment3-ROS2/install/my_first_package/lib/my_first_package
[0.598s] writing list of installed files to '/home/tomliu/Programs/assignment3-ROS2/build/my_first_package/install.log'
[0.623s] Invoked command in '/home/tomliu/Programs/assignment3-ROS2/src/my_first_package' returned '0': CONDA_PROMPT_MODIFIER=(base) PYTHONPATH=/home/tomliu/Programs/assignment3-ROS2/build/my_first_package/prefix_override:/usr/lib/python3/dist-packages/colcon_core/task/python/colcon_distutils_commands:/home/tomliu/Programs/assignment3-ROS2/install/my_first_package/lib/python3.10/site-packages:${PYTHONPATH} /usr/bin/python3 -W ignore:setup.py install is deprecated -W ignore:easy_install command is deprecated setup.py egg_info --egg-base ../../build/my_first_package build --build-base /home/tomliu/Programs/assignment3-ROS2/build/my_first_package/build install --record /home/tomliu/Programs/assignment3-ROS2/build/my_first_package/install.log --install-scripts $base/lib/my_first_package --single-version-externally-managed install_data
