[0.010s] Invoking command in '/home/tomliu/Programs/assignment3-ROS2/src/build/my_first_sub': CMAKE_PREFIX_PATH=/opt/ros/humble /usr/bin/cmake /home/tomliu/Programs/assignment3-ROS2/src/my_first_sub -DPython3_EXECUTABLE=/usr/bin/python3 -DCMAKE_EXPORT_COMPILE_COMMANDS=ON -DCMAKE_INSTALL_PREFIX=/home/tomliu/Programs/assignment3-ROS2/src/install/my_first_sub
[0.076s] -- The C compiler identification is GNU 11.4.0
[0.149s] -- The CXX compiler identification is GNU 11.4.0
[0.159s] -- Detecting C compiler ABI info
[0.212s] -- Detecting C compiler ABI info - done
[0.216s] -- Check for working C compiler: /usr/bin/cc - skipped
[0.243s] -- Detecting C compile features
[0.244s] -- Detecting C compile features - done
[0.247s] -- Detecting CXX compiler ABI info
[0.311s] -- Detecting CXX compiler ABI info - done
[0.315s] -- Check for working CXX compiler: /usr/bin/c++ - skipped
[0.315s] -- Detecting CXX compile features
[0.316s] -- Detecting CXX compile features - done
[0.321s] -- Found ament_cmake: 1.3.14 (/opt/ros/humble/share/ament_cmake/cmake)
[0.420s] -- Found Python3: /usr/bin/python3 (found version "3.10.12") found components: Interpreter 
[0.485s] -- Found rclcpp: 16.0.21 (/opt/ros/humble/share/rclcpp/cmake)
[0.516s] -- Found rosidl_generator_c: 3.1.9 (/opt/ros/humble/share/rosidl_generator_c/cmake)
[0.520s] -- Found rosidl_adapter: 3.1.9 (/opt/ros/humble/share/rosidl_adapter/cmake)
[0.526s] -- Found rosidl_generator_cpp: 3.1.9 (/opt/ros/humble/share/rosidl_generator_cpp/cmake)
[0.538s] -- Using all available rosidl_typesupport_c: rosidl_typesupport_fastrtps_c;rosidl_typesupport_introspection_c
[0.548s] -- Using all available rosidl_typesupport_cpp: rosidl_typesupport_fastrtps_cpp;rosidl_typesupport_introspection_cpp
[0.579s] -- Found rmw_implementation_cmake: 6.1.4 (/opt/ros/humble/share/rmw_implementation_cmake/cmake)
[0.581s] -- Found rmw_fastrtps_cpp: 6.2.10 (/opt/ros/humble/share/rmw_fastrtps_cpp/cmake)
[0.649s] -- Found OpenSSL: /usr/lib/x86_64-linux-gnu/libcrypto.so (found version "3.0.2")  
[0.667s] -- Found FastRTPS: /opt/ros/humble/include  
[0.695s] -- Using RMW implementation 'rmw_fastrtps_cpp' as default
[0.703s] -- Looking for pthread.h
[0.756s] -- Looking for pthread.h - found
[0.756s] -- Performing Test CMAKE_HAVE_LIBC_PTHREAD
[0.807s] -- Performing Test CMAKE_HAVE_LIBC_PTHREAD - Success
[0.808s] -- Found Threads: TRUE  
[0.849s] -- Found ament_lint_auto: 0.12.15 (/opt/ros/humble/share/ament_lint_auto/cmake)
[0.917s] -- Added test 'cppcheck' to perform static code analysis on C / C++ code
[0.917s] -- Configured cppcheck include dirs: 
[0.917s] -- Configured cppcheck exclude dirs and/or files: 
[0.918s] -- Added test 'lint_cmake' to check CMake code style
[0.919s] -- Added test 'uncrustify' to check C / C++ code style
[0.919s] -- Configured uncrustify additional arguments: 
[0.919s] -- Added test 'xmllint' to check XML markup files
[0.920s] -- Configuring done
[0.926s] -- Generating done
[0.928s] -- Build files have been written to: /home/tomliu/Programs/assignment3-ROS2/src/build/my_first_sub
[0.938s] Invoked command in '/home/tomliu/Programs/assignment3-ROS2/src/build/my_first_sub' returned '0': CMAKE_PREFIX_PATH=/opt/ros/humble /usr/bin/cmake /home/tomliu/Programs/assignment3-ROS2/src/my_first_sub -DPython3_EXECUTABLE=/usr/bin/python3 -DCMAKE_EXPORT_COMPILE_COMMANDS=ON -DCMAKE_INSTALL_PREFIX=/home/tomliu/Programs/assignment3-ROS2/src/install/my_first_sub
[0.938s] Invoking command in '/home/tomliu/Programs/assignment3-ROS2/src/build/my_first_sub': CMAKE_PREFIX_PATH=/opt/ros/humble /usr/bin/cmake --build /home/tomliu/Programs/assignment3-ROS2/src/build/my_first_sub -- -j32 -l32
[0.989s] [ 50%] [32mBuilding CXX object CMakeFiles/subscriber_node.dir/src/subscriber_node.cpp.o[0m
[5.438s] [100%] [32m[1mLinking CXX executable subscriber_node[0m
[5.660s] [100%] Built target subscriber_node
[5.669s] Invoked command in '/home/tomliu/Programs/assignment3-ROS2/src/build/my_first_sub' returned '0': CMAKE_PREFIX_PATH=/opt/ros/humble /usr/bin/cmake --build /home/tomliu/Programs/assignment3-ROS2/src/build/my_first_sub -- -j32 -l32
[5.677s] Invoking command in '/home/tomliu/Programs/assignment3-ROS2/src/build/my_first_sub': CMAKE_PREFIX_PATH=/opt/ros/humble /usr/bin/cmake --install /home/tomliu/Programs/assignment3-ROS2/src/build/my_first_sub
[5.682s] -- Install configuration: ""
[5.682s] -- Installing: /home/tomliu/Programs/assignment3-ROS2/src/install/my_first_sub/lib/my_first_sub/subscriber_node
[5.685s] -- Set runtime path of "/home/tomliu/Programs/assignment3-ROS2/src/install/my_first_sub/lib/my_first_sub/subscriber_node" to ""
[5.685s] -- Installing: /home/tomliu/Programs/assignment3-ROS2/src/install/my_first_sub/share/ament_index/resource_index/package_run_dependencies/my_first_sub
[5.685s] -- Installing: /home/tomliu/Programs/assignment3-ROS2/src/install/my_first_sub/share/ament_index/resource_index/parent_prefix_path/my_first_sub
[5.685s] -- Installing: /home/tomliu/Programs/assignment3-ROS2/src/install/my_first_sub/share/my_first_sub/environment/ament_prefix_path.sh
[5.686s] -- Installing: /home/tomliu/Programs/assignment3-ROS2/src/install/my_first_sub/share/my_first_sub/environment/ament_prefix_path.dsv
[5.686s] -- Installing: /home/tomliu/Programs/assignment3-ROS2/src/install/my_first_sub/share/my_first_sub/environment/path.sh
[5.686s] -- Installing: /home/tomliu/Programs/assignment3-ROS2/src/install/my_first_sub/share/my_first_sub/environment/path.dsv
[5.686s] -- Installing: /home/tomliu/Programs/assignment3-ROS2/src/install/my_first_sub/share/my_first_sub/local_setup.bash
[5.686s] -- Installing: /home/tomliu/Programs/assignment3-ROS2/src/install/my_first_sub/share/my_first_sub/local_setup.sh
[5.686s] -- Installing: /home/tomliu/Programs/assignment3-ROS2/src/install/my_first_sub/share/my_first_sub/local_setup.zsh
[5.686s] -- Installing: /home/tomliu/Programs/assignment3-ROS2/src/install/my_first_sub/share/my_first_sub/local_setup.dsv
[5.686s] -- Installing: /home/tomliu/Programs/assignment3-ROS2/src/install/my_first_sub/share/my_first_sub/package.dsv
[5.687s] -- Installing: /home/tomliu/Programs/assignment3-ROS2/src/install/my_first_sub/share/ament_index/resource_index/packages/my_first_sub
[5.687s] -- Installing: /home/tomliu/Programs/assignment3-ROS2/src/install/my_first_sub/share/my_first_sub/cmake/my_first_subConfig.cmake
[5.687s] -- Installing: /home/tomliu/Programs/assignment3-ROS2/src/install/my_first_sub/share/my_first_sub/cmake/my_first_subConfig-version.cmake
[5.687s] -- Installing: /home/tomliu/Programs/assignment3-ROS2/src/install/my_first_sub/share/my_first_sub/package.xml
[5.688s] Invoked command in '/home/tomliu/Programs/assignment3-ROS2/src/build/my_first_sub' returned '0': CMAKE_PREFIX_PATH=/opt/ros/humble /usr/bin/cmake --install /home/tomliu/Programs/assignment3-ROS2/src/build/my_first_sub
