[0.006s] Invoking command in '/home/tomliu/Programs/assignment3-ROS2/build/hikrobot_camera': CMAKE_PREFIX_PATH=/opt/ros/humble CONDA_PROMPT_MODIFIER=(base) /usr/bin/cmake /home/tomliu/Programs/assignment3-ROS2/src/hikrobot_camera -DPython3_EXECUTABLE=/usr/bin/python3 -DCMAKE_EXPORT_COMPILE_COMMANDS=ON -DAMENT_CMAKE_SYMLINK_INSTALL=1 -DCMAKE_INSTALL_PREFIX=/home/tomliu/Programs/assignment3-ROS2/install/hikrobot_camera
[0.015s] -- Found ament_cmake: 1.3.14 (/opt/ros/humble/share/ament_cmake/cmake)
[0.083s] -- Override CMake install command with custom implementation using symlinks instead of copying resources
[0.087s] -- Found rclcpp: 16.0.21 (/opt/ros/humble/share/rclcpp/cmake)
[0.103s] -- Found rosidl_generator_c: 3.1.9 (/opt/ros/humble/share/rosidl_generator_c/cmake)
[0.104s] -- Found rosidl_adapter: 3.1.9 (/opt/ros/humble/share/rosidl_adapter/cmake)
[0.107s] -- Found rosidl_generator_cpp: 3.1.9 (/opt/ros/humble/share/rosidl_generator_cpp/cmake)
[0.112s] -- Using all available rosidl_typesupport_c: rosidl_typesupport_fastrtps_c;rosidl_typesupport_introspection_c
[0.119s] -- Using all available rosidl_typesupport_cpp: rosidl_typesupport_fastrtps_cpp;rosidl_typesupport_introspection_cpp
[0.136s] -- Found rmw_implementation_cmake: 6.1.4 (/opt/ros/humble/share/rmw_implementation_cmake/cmake)
[0.137s] -- Found rmw_fastrtps_cpp: 6.2.10 (/opt/ros/humble/share/rmw_fastrtps_cpp/cmake)
[0.204s] -- Using RMW implementation 'rmw_fastrtps_cpp' as default
[0.286s] -- Configuring done
[0.292s] -- Generating done
[0.294s] -- Build files have been written to: /home/tomliu/Programs/assignment3-ROS2/build/hikrobot_camera
[0.299s] Invoked command in '/home/tomliu/Programs/assignment3-ROS2/build/hikrobot_camera' returned '0': CMAKE_PREFIX_PATH=/opt/ros/humble CONDA_PROMPT_MODIFIER=(base) /usr/bin/cmake /home/tomliu/Programs/assignment3-ROS2/src/hikrobot_camera -DPython3_EXECUTABLE=/usr/bin/python3 -DCMAKE_EXPORT_COMPILE_COMMANDS=ON -DAMENT_CMAKE_SYMLINK_INSTALL=1 -DCMAKE_INSTALL_PREFIX=/home/tomliu/Programs/assignment3-ROS2/install/hikrobot_camera
[0.300s] Invoking command in '/home/tomliu/Programs/assignment3-ROS2/build/hikrobot_camera': CMAKE_PREFIX_PATH=/opt/ros/humble CONDA_PROMPT_MODIFIER=(base) /usr/bin/cmake --build /home/tomliu/Programs/assignment3-ROS2/build/hikrobot_camera -- -j32 -l32
[0.337s] Consolidate compiler generated dependencies of target camera_node
[0.348s] [100%] Built target camera_node
[0.356s] Invoked command in '/home/tomliu/Programs/assignment3-ROS2/build/hikrobot_camera' returned '0': CMAKE_PREFIX_PATH=/opt/ros/humble CONDA_PROMPT_MODIFIER=(base) /usr/bin/cmake --build /home/tomliu/Programs/assignment3-ROS2/build/hikrobot_camera -- -j32 -l32
[0.362s] Invoking command in '/home/tomliu/Programs/assignment3-ROS2/build/hikrobot_camera': CMAKE_PREFIX_PATH=/opt/ros/humble CONDA_PROMPT_MODIFIER=(base) /usr/bin/cmake --install /home/tomliu/Programs/assignment3-ROS2/build/hikrobot_camera
[0.368s] -- Install configuration: ""
[0.368s] -- Execute custom install script
[0.369s] -- Up-to-date symlink: /home/tomliu/Programs/assignment3-ROS2/install/hikrobot_camera/lib/hikrobot_camera/camera_node
[0.369s] -- Up-to-date symlink: /home/tomliu/Programs/assignment3-ROS2/install/hikrobot_camera/share/hikrobot_camera/launch/camera.launch.py
[0.369s] -- Up-to-date symlink: /home/tomliu/Programs/assignment3-ROS2/install/hikrobot_camera/share/hikrobot_camera/config/camera.yaml
[0.369s] -- Up-to-date symlink: /home/tomliu/Programs/assignment3-ROS2/install/hikrobot_camera/share/ament_index/resource_index/package_run_dependencies/hikrobot_camera
[0.369s] -- Up-to-date symlink: /home/tomliu/Programs/assignment3-ROS2/install/hikrobot_camera/share/ament_index/resource_index/parent_prefix_path/hikrobot_camera
[0.369s] -- Up-to-date symlink: /home/tomliu/Programs/assignment3-ROS2/install/hikrobot_camera/share/hikrobot_camera/environment/ament_prefix_path.sh
[0.369s] -- Up-to-date symlink: /home/tomliu/Programs/assignment3-ROS2/install/hikrobot_camera/share/hikrobot_camera/environment/ament_prefix_path.dsv
[0.369s] -- Up-to-date symlink: /home/tomliu/Programs/assignment3-ROS2/install/hikrobot_camera/share/hikrobot_camera/environment/path.sh
[0.370s] -- Up-to-date symlink: /home/tomliu/Programs/assignment3-ROS2/install/hikrobot_camera/share/hikrobot_camera/environment/path.dsv
[0.370s] -- Up-to-date symlink: /home/tomliu/Programs/assignment3-ROS2/install/hikrobot_camera/share/hikrobot_camera/local_setup.bash
[0.370s] -- Up-to-date symlink: /home/tomliu/Programs/assignment3-ROS2/install/hikrobot_camera/share/hikrobot_camera/local_setup.sh
[0.370s] -- Up-to-date symlink: /home/tomliu/Programs/assignment3-ROS2/install/hikrobot_camera/share/hikrobot_camera/local_setup.zsh
[0.370s] -- Up-to-date symlink: /home/tomliu/Programs/assignment3-ROS2/install/hikrobot_camera/share/hikrobot_camera/local_setup.dsv
[0.370s] -- Symlinking: /home/tomliu/Programs/assignment3-ROS2/install/hikrobot_camera/share/hikrobot_camera/package.dsv
[0.377s] -- Up-to-date symlink: /home/tomliu/Programs/assignment3-ROS2/install/hikrobot_camera/share/ament_index/resource_index/packages/hikrobot_camera
[0.377s] -- Up-to-date symlink: /home/tomliu/Programs/assignment3-ROS2/install/hikrobot_camera/share/hikrobot_camera/cmake/hikrobot_cameraConfig.cmake
[0.377s] -- Up-to-date symlink: /home/tomliu/Programs/assignment3-ROS2/install/hikrobot_camera/share/hikrobot_camera/cmake/hikrobot_cameraConfig-version.cmake
[0.377s] -- Up-to-date symlink: /home/tomliu/Programs/assignment3-ROS2/install/hikrobot_camera/share/hikrobot_camera/package.xml
[0.378s] Invoked command in '/home/tomliu/Programs/assignment3-ROS2/build/hikrobot_camera' returned '0': CMAKE_PREFIX_PATH=/opt/ros/humble CONDA_PROMPT_MODIFIER=(base) /usr/bin/cmake --install /home/tomliu/Programs/assignment3-ROS2/build/hikrobot_camera
