-- The C compiler identification is GNU 11.4.0
-- The CXX compiler identification is GNU 11.4.0
-- Detecting C compiler ABI info
-- Detecting C compiler ABI info - done
-- Check for working C compiler: /usr/bin/cc - skipped
-- Detecting C compile features
-- Detecting C compile features - done
-- Detecting CXX compiler ABI info
-- Detecting CXX compiler ABI info - done
-- Check for working CXX compiler: /usr/bin/c++ - skipped
-- Detecting CXX compile features
-- Detecting CXX compile features - done
-- Found ament_cmake: 1.3.14 (/opt/ros/humble/share/ament_cmake/cmake)
-- Found Python3: /usr/bin/python3 (found version "3.10.12") found components: Interpreter 
-- Override CMake install command with custom implementation using symlinks instead of copying resources
-- Found rclcpp: 16.0.21 (/opt/ros/humble/share/rclcpp/cmake)
-- Found rosidl_generator_c: 3.1.9 (/opt/ros/humble/share/rosidl_generator_c/cmake)
-- Found rosidl_adapter: 3.1.9 (/opt/ros/humble/share/rosidl_adapter/cmake)
-- Found rosidl_generator_cpp: 3.1.9 (/opt/ros/humble/share/rosidl_generator_cpp/cmake)
-- Using all available rosidl_typesupport_c: rosidl_typesupport_fastrtps_c;rosidl_typesupport_introspection_c
-- Using all available rosidl_typesupport_cpp: rosidl_typesupport_fastrtps_cpp;rosidl_typesupport_introspection_cpp
-- Found rmw_implementation_cmake: 6.1.4 (/opt/ros/humble/share/rmw_implementation_cmake/cmake)
-- Found rmw_fastrtps_cpp: 6.2.10 (/opt/ros/humble/share/rmw_fastrtps_cpp/cmake)
-- Found OpenSSL: /usr/lib/x86_64-linux-gnu/libcrypto.so (found version "3.0.2")  
-- Found FastRTPS: /opt/ros/humble/include  
-- Using RMW implementation 'rmw_fastrtps_cpp' as default
-- Looking for pthread.h
-- Looking for pthread.h - found
-- Performing Test CMAKE_HAVE_LIBC_PTHREAD
-- Performing Test CMAKE_HAVE_LIBC_PTHREAD - Success
-- Found Threads: TRUE  
-- Configuring done
-- Generating done
-- Build files have been written to: /home/tomliu/Programs/assignment3-ROS2/build/hikrobot_camera
[ 33%] Building CXX object CMakeFiles/camera_node.dir/src/main.cpp.o
[ 66%] Building CXX object CMakeFiles/camera_node.dir/src/camera_node.cpp.o
[100%] Linking CXX executable camera_node
[100%] Built target camera_node
-- Install configuration: ""
-- Execute custom install script
-- Symlinking: /home/tomliu/Programs/assignment3-ROS2/install/hikrobot_camera/lib/hikrobot_camera/camera_node
-- Symlinking: /home/tomliu/Programs/assignment3-ROS2/install/hikrobot_camera/share/hikrobot_camera/launch/camera.launch.py
-- Symlinking: /home/tomliu/Programs/assignment3-ROS2/install/hikrobot_camera/share/hikrobot_camera/config/camera.yaml
-- Symlinking: /home/tomliu/Programs/assignment3-ROS2/install/hikrobot_camera/share/ament_index/resource_index/package_run_dependencies/hikrobot_camera
-- Symlinking: /home/tomliu/Programs/assignment3-ROS2/install/hikrobot_camera/share/ament_index/resource_index/parent_prefix_path/hikrobot_camera
-- Symlinking: /home/tomliu/Programs/assignment3-ROS2/install/hikrobot_camera/share/hikrobot_camera/environment/ament_prefix_path.sh
-- Symlinking: /home/tomliu/Programs/assignment3-ROS2/install/hikrobot_camera/share/hikrobot_camera/environment/ament_prefix_path.dsv
-- Symlinking: /home/tomliu/Programs/assignment3-ROS2/install/hikrobot_camera/share/hikrobot_camera/environment/path.sh
-- Symlinking: /home/tomliu/Programs/assignment3-ROS2/install/hikrobot_camera/share/hikrobot_camera/environment/path.dsv
-- Symlinking: /home/tomliu/Programs/assignment3-ROS2/install/hikrobot_camera/share/hikrobot_camera/local_setup.bash
-- Symlinking: /home/tomliu/Programs/assignment3-ROS2/install/hikrobot_camera/share/hikrobot_camera/local_setup.sh
-- Symlinking: /home/tomliu/Programs/assignment3-ROS2/install/hikrobot_camera/share/hikrobot_camera/local_setup.zsh
-- Symlinking: /home/tomliu/Programs/assignment3-ROS2/install/hikrobot_camera/share/hikrobot_camera/local_setup.dsv
-- Symlinking: /home/tomliu/Programs/assignment3-ROS2/install/hikrobot_camera/share/hikrobot_camera/package.dsv
-- Symlinking: /home/tomliu/Programs/assignment3-ROS2/install/hikrobot_camera/share/ament_index/resource_index/packages/hikrobot_camera
-- Symlinking: /home/tomliu/Programs/assignment3-ROS2/install/hikrobot_camera/share/hikrobot_camera/cmake/hikrobot_cameraConfig.cmake
-- Symlinking: /home/tomliu/Programs/assignment3-ROS2/install/hikrobot_camera/share/hikrobot_camera/cmake/hikrobot_cameraConfig-version.cmake
-- Symlinking: /home/tomliu/Programs/assignment3-ROS2/install/hikrobot_camera/share/hikrobot_camera/package.xml
