[0.006s] Invoking command in '/home/tomliu/Programs/assignment3-ROS2/build/hikrobot_camera': CMAKE_PREFIX_PATH=/opt/ros/humble CONDA_PROMPT_MODIFIER=(base) /usr/bin/cmake /home/tomliu/Programs/assignment3-ROS2/src/hikrobot_camera -DPython3_EXECUTABLE=/usr/bin/python3 -DAMENT_CMAKE_SYMLINK_INSTALL=1 -DCMAKE_INSTALL_PREFIX=/home/tomliu/Programs/assignment3-ROS2/install/hikrobot_camera
[0.043s] -- The C compiler identification is GNU 11.4.0
[0.078s] -- The CXX compiler identification is GNU 11.4.0
[0.082s] -- Detecting C compiler ABI info
[0.129s] -- Detecting C compiler ABI info - done
[0.133s] -- Check for working C compiler: /usr/bin/cc - skipped
[0.133s] -- Detecting C compile features
[0.133s] -- Detecting C compile features - done
[0.135s] -- Detecting CXX compiler ABI info
[0.188s] -- Detecting CXX compiler ABI info - done
[0.192s] -- Check for working CXX compiler: /usr/bin/c++ - skipped
[0.192s] -- Detecting CXX compile features
[0.192s] -- Detecting CXX compile features - done
[0.194s] -- Found ament_cmake: 1.3.14 (/opt/ros/humble/share/ament_cmake/cmake)
[0.285s] -- Found Python3: /usr/bin/python3 (found version "3.10.12") found components: Interpreter 
[0.330s] -- Override CMake install command with custom implementation using symlinks instead of copying resources
[0.348s] -- Found rclcpp: 16.0.21 (/opt/ros/humble/share/rclcpp/cmake)
[0.371s] -- Found rosidl_generator_c: 3.1.9 (/opt/ros/humble/share/rosidl_generator_c/cmake)
[0.373s] -- Found rosidl_adapter: 3.1.9 (/opt/ros/humble/share/rosidl_adapter/cmake)
[0.378s] -- Found rosidl_generator_cpp: 3.1.9 (/opt/ros/humble/share/rosidl_generator_cpp/cmake)
[0.385s] -- Using all available rosidl_typesupport_c: rosidl_typesupport_fastrtps_c;rosidl_typesupport_introspection_c
[0.394s] -- Using all available rosidl_typesupport_cpp: rosidl_typesupport_fastrtps_cpp;rosidl_typesupport_introspection_cpp
[0.417s] -- Found rmw_implementation_cmake: 6.1.4 (/opt/ros/humble/share/rmw_implementation_cmake/cmake)
[0.418s] -- Found rmw_fastrtps_cpp: 6.2.10 (/opt/ros/humble/share/rmw_fastrtps_cpp/cmake)
[0.479s] -- Found OpenSSL: /usr/lib/x86_64-linux-gnu/libcrypto.so (found version "3.0.2")  
[0.497s] -- Found FastRTPS: /opt/ros/humble/include  
[0.525s] -- Using RMW implementation 'rmw_fastrtps_cpp' as default
[0.529s] -- Looking for pthread.h
[0.579s] -- Looking for pthread.h - found
[0.579s] -- Performing Test CMAKE_HAVE_LIBC_PTHREAD
[0.629s] -- Performing Test CMAKE_HAVE_LIBC_PTHREAD - Success
[0.629s] -- Found Threads: TRUE  
[0.713s] -- Configuring done
[0.719s] -- Generating done
[0.721s] -- Build files have been written to: /home/tomliu/Programs/assignment3-ROS2/build/hikrobot_camera
[0.728s] Invoked command in '/home/tomliu/Programs/assignment3-ROS2/build/hikrobot_camera' returned '0': CMAKE_PREFIX_PATH=/opt/ros/humble CONDA_PROMPT_MODIFIER=(base) /usr/bin/cmake /home/tomliu/Programs/assignment3-ROS2/src/hikrobot_camera -DPython3_EXECUTABLE=/usr/bin/python3 -DAMENT_CMAKE_SYMLINK_INSTALL=1 -DCMAKE_INSTALL_PREFIX=/home/tomliu/Programs/assignment3-ROS2/install/hikrobot_camera
[0.728s] Invoking command in '/home/tomliu/Programs/assignment3-ROS2/build/hikrobot_camera': CMAKE_PREFIX_PATH=/opt/ros/humble CONDA_PROMPT_MODIFIER=(base) /usr/bin/cmake --build /home/tomliu/Programs/assignment3-ROS2/build/hikrobot_camera -- -j32 -l32
[0.762s] [ 33%] Building CXX object CMakeFiles/camera_node.dir/src/main.cpp.o
[0.763s] [ 66%] Building CXX object CMakeFiles/camera_node.dir/src/camera_node.cpp.o
[2.390s] [100%] Linking CXX executable camera_node
[2.456s] [100%] Built target camera_node
[2.465s] Invoked command in '/home/tomliu/Programs/assignment3-ROS2/build/hikrobot_camera' returned '0': CMAKE_PREFIX_PATH=/opt/ros/humble CONDA_PROMPT_MODIFIER=(base) /usr/bin/cmake --build /home/tomliu/Programs/assignment3-ROS2/build/hikrobot_camera -- -j32 -l32
[2.472s] Invoking command in '/home/tomliu/Programs/assignment3-ROS2/build/hikrobot_camera': CMAKE_PREFIX_PATH=/opt/ros/humble CONDA_PROMPT_MODIFIER=(base) /usr/bin/cmake --install /home/tomliu/Programs/assignment3-ROS2/build/hikrobot_camera
[2.476s] -- Install configuration: ""
[2.477s] -- Execute custom install script
[2.477s] -- Symlinking: /home/tomliu/Programs/assignment3-ROS2/install/hikrobot_camera/lib/hikrobot_camera/camera_node
[2.483s] -- Symlinking: /home/tomliu/Programs/assignment3-ROS2/install/hikrobot_camera/share/hikrobot_camera/launch/camera.launch.py
[2.489s] -- Symlinking: /home/tomliu/Programs/assignment3-ROS2/install/hikrobot_camera/share/hikrobot_camera/config/camera.yaml
[2.495s] -- Symlinking: /home/tomliu/Programs/assignment3-ROS2/install/hikrobot_camera/share/ament_index/resource_index/package_run_dependencies/hikrobot_camera
[2.501s] -- Symlinking: /home/tomliu/Programs/assignment3-ROS2/install/hikrobot_camera/share/ament_index/resource_index/parent_prefix_path/hikrobot_camera
[2.506s] -- Symlinking: /home/tomliu/Programs/assignment3-ROS2/install/hikrobot_camera/share/hikrobot_camera/environment/ament_prefix_path.sh
[2.513s] -- Symlinking: /home/tomliu/Programs/assignment3-ROS2/install/hikrobot_camera/share/hikrobot_camera/environment/ament_prefix_path.dsv
[2.519s] -- Symlinking: /home/tomliu/Programs/assignment3-ROS2/install/hikrobot_camera/share/hikrobot_camera/environment/path.sh
[2.524s] -- Symlinking: /home/tomliu/Programs/assignment3-ROS2/install/hikrobot_camera/share/hikrobot_camera/environment/path.dsv
[2.530s] -- Symlinking: /home/tomliu/Programs/assignment3-ROS2/install/hikrobot_camera/share/hikrobot_camera/local_setup.bash
[2.536s] -- Symlinking: /home/tomliu/Programs/assignment3-ROS2/install/hikrobot_camera/share/hikrobot_camera/local_setup.sh
[2.541s] -- Symlinking: /home/tomliu/Programs/assignment3-ROS2/install/hikrobot_camera/share/hikrobot_camera/local_setup.zsh
[2.547s] -- Symlinking: /home/tomliu/Programs/assignment3-ROS2/install/hikrobot_camera/share/hikrobot_camera/local_setup.dsv
[2.552s] -- Symlinking: /home/tomliu/Programs/assignment3-ROS2/install/hikrobot_camera/share/hikrobot_camera/package.dsv
[2.558s] -- Symlinking: /home/tomliu/Programs/assignment3-ROS2/install/hikrobot_camera/share/ament_index/resource_index/packages/hikrobot_camera
[2.564s] -- Symlinking: /home/tomliu/Programs/assignment3-ROS2/install/hikrobot_camera/share/hikrobot_camera/cmake/hikrobot_cameraConfig.cmake
[2.570s] -- Symlinking: /home/tomliu/Programs/assignment3-ROS2/install/hikrobot_camera/share/hikrobot_camera/cmake/hikrobot_cameraConfig-version.cmake
[2.575s] -- Symlinking: /home/tomliu/Programs/assignment3-ROS2/install/hikrobot_camera/share/hikrobot_camera/package.xml
[2.582s] Invoked command in '/home/tomliu/Programs/assignment3-ROS2/build/hikrobot_camera' returned '0': CMAKE_PREFIX_PATH=/opt/ros/humble CONDA_PROMPT_MODIFIER=(base) /usr/bin/cmake --install /home/tomliu/Programs/assignment3-ROS2/build/hikrobot_camera
