-- Found ament_cmake: 1.3.14 (/opt/ros/humble/share/ament_cmake/cmake)
-- Override CMake install command with custom implementation using symlinks instead of copying resources
-- Found rclcpp: 16.0.21 (/opt/ros/humble/share/rclcpp/cmake)
-- Found rosidl_generator_c: 3.1.9 (/opt/ros/humble/share/rosidl_generator_c/cmake)
-- Found rosidl_adapter: 3.1.9 (/opt/ros/humble/share/rosidl_adapter/cmake)
-- Found rosidl_generator_cpp: 3.1.9 (/opt/ros/humble/share/rosidl_generator_cpp/cmake)
-- Using all available rosidl_typesupport_c: rosidl_typesupport_fastrtps_c;rosidl_typesupport_introspection_c
-- Using all available rosidl_typesupport_cpp: rosidl_typesupport_fastrtps_cpp;rosidl_typesupport_introspection_cpp
-- Found rmw_implementation_cmake: 6.1.4 (/opt/ros/humble/share/rmw_implementation_cmake/cmake)
-- Found rmw_fastrtps_cpp: 6.2.10 (/opt/ros/humble/share/rmw_fastrtps_cpp/cmake)
-- Using RMW implementation 'rmw_fastrtps_cpp' as default
-- Configuring done
-- Generating done
-- Build files have been written to: /home/tomliu/Programs/assignment3-ROS2/build/hikrobot_camera
[35m[1mConsolidate compiler generated dependencies of target camera_node[0m
[100%] Built target camera_node
-- Install configuration: ""
-- Execute custom install script
-- Up-to-date symlink: /home/tomliu/Programs/assignment3-ROS2/install/hikrobot_camera/lib/hikrobot_camera/camera_node
-- Up-to-date symlink: /home/tomliu/Programs/assignment3-ROS2/install/hikrobot_camera/share/hikrobot_camera/launch/camera.launch.py
-- Up-to-date symlink: /home/tomliu/Programs/assignment3-ROS2/install/hikrobot_camera/share/hikrobot_camera/config/camera.yaml
-- Up-to-date symlink: /home/tomliu/Programs/assignment3-ROS2/install/hikrobot_camera/share/ament_index/resource_index/package_run_dependencies/hikrobot_camera
-- Up-to-date symlink: /home/tomliu/Programs/assignment3-ROS2/install/hikrobot_camera/share/ament_index/resource_index/parent_prefix_path/hikrobot_camera
-- Up-to-date symlink: /home/tomliu/Programs/assignment3-ROS2/install/hikrobot_camera/share/hikrobot_camera/environment/ament_prefix_path.sh
-- Up-to-date symlink: /home/tomliu/Programs/assignment3-ROS2/install/hikrobot_camera/share/hikrobot_camera/environment/ament_prefix_path.dsv
-- Up-to-date symlink: /home/tomliu/Programs/assignment3-ROS2/install/hikrobot_camera/share/hikrobot_camera/environment/path.sh
-- Up-to-date symlink: /home/tomliu/Programs/assignment3-ROS2/install/hikrobot_camera/share/hikrobot_camera/environment/path.dsv
-- Up-to-date symlink: /home/tomliu/Programs/assignment3-ROS2/install/hikrobot_camera/share/hikrobot_camera/local_setup.bash
-- Up-to-date symlink: /home/tomliu/Programs/assignment3-ROS2/install/hikrobot_camera/share/hikrobot_camera/local_setup.sh
-- Up-to-date symlink: /home/tomliu/Programs/assignment3-ROS2/install/hikrobot_camera/share/hikrobot_camera/local_setup.zsh
-- Up-to-date symlink: /home/tomliu/Programs/assignment3-ROS2/install/hikrobot_camera/share/hikrobot_camera/local_setup.dsv
-- Symlinking: /home/tomliu/Programs/assignment3-ROS2/install/hikrobot_camera/share/hikrobot_camera/package.dsv
-- Up-to-date symlink: /home/tomliu/Programs/assignment3-ROS2/install/hikrobot_camera/share/ament_index/resource_index/packages/hikrobot_camera
-- Up-to-date symlink: /home/tomliu/Programs/assignment3-ROS2/install/hikrobot_camera/share/hikrobot_camera/cmake/hikrobot_cameraConfig.cmake
-- Up-to-date symlink: /home/tomliu/Programs/assignment3-ROS2/install/hikrobot_camera/share/hikrobot_camera/cmake/hikrobot_cameraConfig-version.cmake
-- Up-to-date symlink: /home/tomliu/Programs/assignment3-ROS2/install/hikrobot_camera/share/hikrobot_camera/package.xml
