[0.064s] DEBUG:colcon:Command line arguments: ['/usr/bin/colcon', 'build', '--symlink-install', '--packages-select', 'hikrobot_camera']
[0.064s] DEBUG:colcon:Parsed command line arguments: Namespace(log_base=None, log_level=None, verb_name='build', build_base='build', install_base='install', merge_install=False, symlink_install=True, test_result_base=None, continue_on_error=False, executor='parallel', parallel_workers=32, event_handlers=None, ignore_user_meta=False, metas=['./colcon.meta'], base_paths=['.'], packages_ignore=None, packages_ignore_regex=None, paths=None, packages_up_to=None, packages_up_to_regex=None, packages_above=None, packages_above_and_dependencies=None, packages_above_depth=None, packages_select_by_dep=None, packages_skip_by_dep=None, packages_skip_up_to=None, packages_select_build_failed=False, packages_skip_build_finished=False, packages_select_test_failures=False, packages_skip_test_passed=False, packages_select=['hikrobot_camera'], packages_skip=None, packages_select_regex=None, packages_skip_regex=None, packages_start=None, packages_end=None, allow_overriding=[], cmake_args=['-DPython3_EXECUTABLE=/usr/bin/python3'], cmake_target=None, cmake_target_skip_unavailable=False, cmake_clean_cache=False, cmake_clean_first=False, cmake_force_configure=False, ament_cmake_args=None, catkin_cmake_args=None, catkin_skip_building_tests=False, verb_parser=<colcon_defaults.argument_parser.defaults.DefaultArgumentsDecorator object at 0x7a4a0205a890>, verb_extension=<colcon_core.verb.build.BuildVerb object at 0x7a4a02198640>, main=<bound method BuildVerb.main of <colcon_core.verb.build.BuildVerb object at 0x7a4a02198640>>)
[0.154s] Level 1:colcon.colcon_core.package_discovery:discover_packages(colcon_meta) check parameters
[0.154s] Level 1:colcon.colcon_core.package_discovery:discover_packages(recursive) check parameters
[0.154s] Level 1:colcon.colcon_core.package_discovery:discover_packages(ignore) check parameters
[0.154s] Level 1:colcon.colcon_core.package_discovery:discover_packages(path) check parameters
[0.154s] Level 1:colcon.colcon_core.package_discovery:discover_packages(colcon_meta) discover
[0.154s] Level 1:colcon.colcon_core.package_discovery:discover_packages(recursive) discover
[0.154s] INFO:colcon.colcon_core.package_discovery:Crawling recursively for packages in '/home/tomliu/Programs/assignment3-ROS2'
[0.154s] Level 1:colcon.colcon_core.package_identification:_identify(.) by extensions ['ignore', 'ignore_ament_install']
[0.154s] Level 1:colcon.colcon_core.package_identification:_identify(.) by extension 'ignore'
[0.154s] Level 1:colcon.colcon_core.package_identification:_identify(.) by extension 'ignore_ament_install'
[0.154s] Level 1:colcon.colcon_core.package_identification:_identify(.) by extensions ['colcon_pkg']
[0.154s] Level 1:colcon.colcon_core.package_identification:_identify(.) by extension 'colcon_pkg'
[0.155s] Level 1:colcon.colcon_core.package_identification:_identify(.) by extensions ['colcon_meta']
[0.155s] Level 1:colcon.colcon_core.package_identification:_identify(.) by extension 'colcon_meta'
[0.155s] Level 1:colcon.colcon_core.package_identification:_identify(.) by extensions ['ros']
[0.155s] Level 1:colcon.colcon_core.package_identification:_identify(.) by extension 'ros'
[0.174s] Level 1:colcon.colcon_core.package_identification:_identify(.) by extensions ['cmake', 'python']
[0.174s] Level 1:colcon.colcon_core.package_identification:_identify(.) by extension 'cmake'
[0.174s] Level 1:colcon.colcon_core.package_identification:_identify(.) by extension 'python'
[0.174s] Level 1:colcon.colcon_core.package_identification:_identify(.) by extensions ['python_setup_py']
[0.174s] Level 1:colcon.colcon_core.package_identification:_identify(.) by extension 'python_setup_py'
[0.174s] Level 1:colcon.colcon_core.package_identification:_identify(build) by extensions ['ignore', 'ignore_ament_install']
[0.174s] Level 1:colcon.colcon_core.package_identification:_identify(build) by extension 'ignore'
[0.174s] Level 1:colcon.colcon_core.package_identification:_identify(build) ignored
[0.174s] Level 1:colcon.colcon_core.package_identification:_identify(docs) by extensions ['ignore', 'ignore_ament_install']
[0.174s] Level 1:colcon.colcon_core.package_identification:_identify(docs) by extension 'ignore'
[0.174s] Level 1:colcon.colcon_core.package_identification:_identify(docs) by extension 'ignore_ament_install'
[0.174s] Level 1:colcon.colcon_core.package_identification:_identify(docs) by extensions ['colcon_pkg']
[0.174s] Level 1:colcon.colcon_core.package_identification:_identify(docs) by extension 'colcon_pkg'
[0.174s] Level 1:colcon.colcon_core.package_identification:_identify(docs) by extensions ['colcon_meta']
[0.174s] Level 1:colcon.colcon_core.package_identification:_identify(docs) by extension 'colcon_meta'
[0.174s] Level 1:colcon.colcon_core.package_identification:_identify(docs) by extensions ['ros']
[0.174s] Level 1:colcon.colcon_core.package_identification:_identify(docs) by extension 'ros'
[0.174s] Level 1:colcon.colcon_core.package_identification:_identify(docs) by extensions ['cmake', 'python']
[0.174s] Level 1:colcon.colcon_core.package_identification:_identify(docs) by extension 'cmake'
[0.175s] Level 1:colcon.colcon_core.package_identification:_identify(docs) by extension 'python'
[0.175s] Level 1:colcon.colcon_core.package_identification:_identify(docs) by extensions ['python_setup_py']
[0.175s] Level 1:colcon.colcon_core.package_identification:_identify(docs) by extension 'python_setup_py'
[0.175s] Level 1:colcon.colcon_core.package_identification:_identify(install) by extensions ['ignore', 'ignore_ament_install']
[0.175s] Level 1:colcon.colcon_core.package_identification:_identify(install) by extension 'ignore'
[0.175s] Level 1:colcon.colcon_core.package_identification:_identify(install) ignored
[0.175s] Level 1:colcon.colcon_core.package_identification:_identify(log) by extensions ['ignore', 'ignore_ament_install']
[0.175s] Level 1:colcon.colcon_core.package_identification:_identify(log) by extension 'ignore'
[0.175s] Level 1:colcon.colcon_core.package_identification:_identify(log) ignored
[0.175s] Level 1:colcon.colcon_core.package_identification:_identify(src) by extensions ['ignore', 'ignore_ament_install']
[0.175s] Level 1:colcon.colcon_core.package_identification:_identify(src) by extension 'ignore'
[0.175s] Level 1:colcon.colcon_core.package_identification:_identify(src) by extension 'ignore_ament_install'
[0.175s] Level 1:colcon.colcon_core.package_identification:_identify(src) by extensions ['colcon_pkg']
[0.175s] Level 1:colcon.colcon_core.package_identification:_identify(src) by extension 'colcon_pkg'
[0.175s] Level 1:colcon.colcon_core.package_identification:_identify(src) by extensions ['colcon_meta']
[0.175s] Level 1:colcon.colcon_core.package_identification:_identify(src) by extension 'colcon_meta'
[0.175s] Level 1:colcon.colcon_core.package_identification:_identify(src) by extensions ['ros']
[0.175s] Level 1:colcon.colcon_core.package_identification:_identify(src) by extension 'ros'
[0.175s] Level 1:colcon.colcon_core.package_identification:_identify(src) by extensions ['cmake', 'python']
[0.175s] Level 1:colcon.colcon_core.package_identification:_identify(src) by extension 'cmake'
[0.175s] Level 1:colcon.colcon_core.package_identification:_identify(src) by extension 'python'
[0.175s] Level 1:colcon.colcon_core.package_identification:_identify(src) by extensions ['python_setup_py']
[0.175s] Level 1:colcon.colcon_core.package_identification:_identify(src) by extension 'python_setup_py'
[0.175s] Level 1:colcon.colcon_core.package_identification:_identify(src/hikrobot_camera) by extensions ['ignore', 'ignore_ament_install']
[0.175s] Level 1:colcon.colcon_core.package_identification:_identify(src/hikrobot_camera) by extension 'ignore'
[0.175s] Level 1:colcon.colcon_core.package_identification:_identify(src/hikrobot_camera) by extension 'ignore_ament_install'
[0.175s] Level 1:colcon.colcon_core.package_identification:_identify(src/hikrobot_camera) by extensions ['colcon_pkg']
[0.175s] Level 1:colcon.colcon_core.package_identification:_identify(src/hikrobot_camera) by extension 'colcon_pkg'
[0.175s] Level 1:colcon.colcon_core.package_identification:_identify(src/hikrobot_camera) by extensions ['colcon_meta']
[0.175s] Level 1:colcon.colcon_core.package_identification:_identify(src/hikrobot_camera) by extension 'colcon_meta'
[0.175s] Level 1:colcon.colcon_core.package_identification:_identify(src/hikrobot_camera) by extensions ['ros']
[0.175s] Level 1:colcon.colcon_core.package_identification:_identify(src/hikrobot_camera) by extension 'ros'
[0.176s] DEBUG:colcon.colcon_core.package_identification:Package 'src/hikrobot_camera' with type 'ros.ament_cmake' and name 'hikrobot_camera'
[0.176s] Level 1:colcon.colcon_core.package_discovery:discover_packages(recursive) using defaults
[0.177s] Level 1:colcon.colcon_core.package_discovery:discover_packages(ignore) discover
[0.177s] Level 1:colcon.colcon_core.package_discovery:discover_packages(ignore) using defaults
[0.177s] Level 1:colcon.colcon_core.package_discovery:discover_packages(path) discover
[0.177s] Level 1:colcon.colcon_core.package_discovery:discover_packages(path) using defaults
[0.187s] Level 1:colcon.colcon_core.package_discovery:discover_packages(prefix_path) check parameters
[0.187s] Level 1:colcon.colcon_core.package_discovery:discover_packages(prefix_path) discover
[0.188s] DEBUG:colcon.colcon_installed_package_information.package_discovery:Found 273 installed packages in /opt/ros/humble
[0.189s] Level 1:colcon.colcon_core.package_discovery:discover_packages(prefix_path) using defaults
[0.209s] Level 5:colcon.colcon_core.verb:set package 'hikrobot_camera' build argument 'cmake_args' from command line to '['-DPython3_EXECUTABLE=/usr/bin/python3']'
[0.209s] Level 5:colcon.colcon_core.verb:set package 'hikrobot_camera' build argument 'cmake_target' from command line to 'None'
[0.209s] Level 5:colcon.colcon_core.verb:set package 'hikrobot_camera' build argument 'cmake_target_skip_unavailable' from command line to 'False'
[0.209s] Level 5:colcon.colcon_core.verb:set package 'hikrobot_camera' build argument 'cmake_clean_cache' from command line to 'False'
[0.209s] Level 5:colcon.colcon_core.verb:set package 'hikrobot_camera' build argument 'cmake_clean_first' from command line to 'False'
[0.209s] Level 5:colcon.colcon_core.verb:set package 'hikrobot_camera' build argument 'cmake_force_configure' from command line to 'False'
[0.209s] Level 5:colcon.colcon_core.verb:set package 'hikrobot_camera' build argument 'ament_cmake_args' from command line to 'None'
[0.209s] Level 5:colcon.colcon_core.verb:set package 'hikrobot_camera' build argument 'catkin_cmake_args' from command line to 'None'
[0.209s] Level 5:colcon.colcon_core.verb:set package 'hikrobot_camera' build argument 'catkin_skip_building_tests' from command line to 'False'
[0.209s] DEBUG:colcon.colcon_core.verb:Building package 'hikrobot_camera' with the following arguments: {'ament_cmake_args': None, 'build_base': '/home/tomliu/Programs/assignment3-ROS2/build/hikrobot_camera', 'catkin_cmake_args': None, 'catkin_skip_building_tests': False, 'cmake_args': ['-DPython3_EXECUTABLE=/usr/bin/python3'], 'cmake_clean_cache': False, 'cmake_clean_first': False, 'cmake_force_configure': False, 'cmake_target': None, 'cmake_target_skip_unavailable': False, 'install_base': '/home/tomliu/Programs/assignment3-ROS2/install/hikrobot_camera', 'merge_install': False, 'path': '/home/tomliu/Programs/assignment3-ROS2/src/hikrobot_camera', 'symlink_install': True, 'test_result_base': None}
[0.209s] INFO:colcon.colcon_core.executor:Executing jobs using 'parallel' executor
[0.209s] DEBUG:colcon.colcon_parallel_executor.executor.parallel:run_until_complete
[0.210s] INFO:colcon.colcon_ros.task.ament_cmake.build:Building ROS package in '/home/tomliu/Programs/assignment3-ROS2/src/hikrobot_camera' with build type 'ament_cmake'
[0.210s] INFO:colcon.colcon_cmake.task.cmake.build:Building CMake package in '/home/tomliu/Programs/assignment3-ROS2/src/hikrobot_camera'
[0.211s] INFO:colcon.colcon_core.plugin_system:Skipping extension 'colcon_core.shell.bat': Not used on non-Windows systems
[0.211s] INFO:colcon.colcon_core.shell:Skip shell extension 'powershell' for command environment: Not usable outside of PowerShell
[0.211s] DEBUG:colcon.colcon_core.shell:Skip shell extension 'dsv' for command environment
[0.215s] DEBUG:colcon.colcon_core.event_handler.log_command:Invoking command in '/home/tomliu/Programs/assignment3-ROS2/build/hikrobot_camera': CMAKE_PREFIX_PATH=/opt/ros/humble CONDA_PROMPT_MODIFIER=(base) /usr/bin/cmake /home/tomliu/Programs/assignment3-ROS2/src/hikrobot_camera -DPython3_EXECUTABLE=/usr/bin/python3 -DAMENT_CMAKE_SYMLINK_INSTALL=1 -DCMAKE_INSTALL_PREFIX=/home/tomliu/Programs/assignment3-ROS2/install/hikrobot_camera
[0.937s] DEBUG:colcon.colcon_core.event_handler.log_command:Invoked command in '/home/tomliu/Programs/assignment3-ROS2/build/hikrobot_camera' returned '0': CMAKE_PREFIX_PATH=/opt/ros/humble CONDA_PROMPT_MODIFIER=(base) /usr/bin/cmake /home/tomliu/Programs/assignment3-ROS2/src/hikrobot_camera -DPython3_EXECUTABLE=/usr/bin/python3 -DAMENT_CMAKE_SYMLINK_INSTALL=1 -DCMAKE_INSTALL_PREFIX=/home/tomliu/Programs/assignment3-ROS2/install/hikrobot_camera
[0.938s] DEBUG:colcon.colcon_core.event_handler.log_command:Invoking command in '/home/tomliu/Programs/assignment3-ROS2/build/hikrobot_camera': CMAKE_PREFIX_PATH=/opt/ros/humble CONDA_PROMPT_MODIFIER=(base) /usr/bin/cmake --build /home/tomliu/Programs/assignment3-ROS2/build/hikrobot_camera -- -j32 -l32
[2.674s] DEBUG:colcon.colcon_core.event_handler.log_command:Invoked command in '/home/tomliu/Programs/assignment3-ROS2/build/hikrobot_camera' returned '0': CMAKE_PREFIX_PATH=/opt/ros/humble CONDA_PROMPT_MODIFIER=(base) /usr/bin/cmake --build /home/tomliu/Programs/assignment3-ROS2/build/hikrobot_camera -- -j32 -l32
[2.681s] DEBUG:colcon.colcon_core.event_handler.log_command:Invoking command in '/home/tomliu/Programs/assignment3-ROS2/build/hikrobot_camera': CMAKE_PREFIX_PATH=/opt/ros/humble CONDA_PROMPT_MODIFIER=(base) /usr/bin/cmake --install /home/tomliu/Programs/assignment3-ROS2/build/hikrobot_camera
[2.791s] Level 1:colcon.colcon_core.environment:create_environment_scripts_only(hikrobot_camera)
[2.792s] DEBUG:colcon.colcon_core.event_handler.log_command:Invoked command in '/home/tomliu/Programs/assignment3-ROS2/build/hikrobot_camera' returned '0': CMAKE_PREFIX_PATH=/opt/ros/humble CONDA_PROMPT_MODIFIER=(base) /usr/bin/cmake --install /home/tomliu/Programs/assignment3-ROS2/build/hikrobot_camera
[2.793s] Level 1:colcon.colcon_core.environment:checking '/home/tomliu/Programs/assignment3-ROS2/install/hikrobot_camera' for CMake module files
[2.793s] Level 1:colcon.colcon_core.environment:checking '/home/tomliu/Programs/assignment3-ROS2/install/hikrobot_camera' for CMake config files
[2.794s] Level 1:colcon.colcon_core.shell:create_environment_hook('hikrobot_camera', 'cmake_prefix_path')
[2.794s] INFO:colcon.colcon_core.shell:Creating environment hook '/home/tomliu/Programs/assignment3-ROS2/install/hikrobot_camera/share/hikrobot_camera/hook/cmake_prefix_path.ps1'
[2.794s] INFO:colcon.colcon_core.shell:Creating environment descriptor '/home/tomliu/Programs/assignment3-ROS2/install/hikrobot_camera/share/hikrobot_camera/hook/cmake_prefix_path.dsv'
[2.794s] INFO:colcon.colcon_core.shell:Creating environment hook '/home/tomliu/Programs/assignment3-ROS2/install/hikrobot_camera/share/hikrobot_camera/hook/cmake_prefix_path.sh'
[2.795s] Level 1:colcon.colcon_core.environment:checking '/home/tomliu/Programs/assignment3-ROS2/install/hikrobot_camera/lib'
[2.795s] Level 1:colcon.colcon_core.environment:checking '/home/tomliu/Programs/assignment3-ROS2/install/hikrobot_camera/bin'
[2.795s] Level 1:colcon.colcon_core.environment:checking '/home/tomliu/Programs/assignment3-ROS2/install/hikrobot_camera/lib/pkgconfig/hikrobot_camera.pc'
[2.795s] Level 1:colcon.colcon_core.environment:checking '/home/tomliu/Programs/assignment3-ROS2/install/hikrobot_camera/lib/python3.10/site-packages'
[2.795s] Level 1:colcon.colcon_core.environment:checking '/home/tomliu/Programs/assignment3-ROS2/install/hikrobot_camera/bin'
[2.795s] INFO:colcon.colcon_core.shell:Creating package script '/home/tomliu/Programs/assignment3-ROS2/install/hikrobot_camera/share/hikrobot_camera/package.ps1'
[2.796s] INFO:colcon.colcon_core.shell:Creating package descriptor '/home/tomliu/Programs/assignment3-ROS2/install/hikrobot_camera/share/hikrobot_camera/package.dsv'
[2.796s] INFO:colcon.colcon_core.shell:Creating package script '/home/tomliu/Programs/assignment3-ROS2/install/hikrobot_camera/share/hikrobot_camera/package.sh'
[2.797s] INFO:colcon.colcon_core.shell:Creating package script '/home/tomliu/Programs/assignment3-ROS2/install/hikrobot_camera/share/hikrobot_camera/package.bash'
[2.797s] INFO:colcon.colcon_core.shell:Creating package script '/home/tomliu/Programs/assignment3-ROS2/install/hikrobot_camera/share/hikrobot_camera/package.zsh'
[2.797s] Level 1:colcon.colcon_core.environment:create_file_with_runtime_dependencies(/home/tomliu/Programs/assignment3-ROS2/install/hikrobot_camera/share/colcon-core/packages/hikrobot_camera)
[2.798s] Level 1:colcon.colcon_core.environment:create_environment_scripts_only(hikrobot_camera)
[2.798s] Level 1:colcon.colcon_core.environment:checking '/home/tomliu/Programs/assignment3-ROS2/install/hikrobot_camera' for CMake module files
[2.798s] Level 1:colcon.colcon_core.environment:checking '/home/tomliu/Programs/assignment3-ROS2/install/hikrobot_camera' for CMake config files
[2.798s] Level 1:colcon.colcon_core.shell:create_environment_hook('hikrobot_camera', 'cmake_prefix_path')
[2.798s] INFO:colcon.colcon_core.shell:Creating environment hook '/home/tomliu/Programs/assignment3-ROS2/install/hikrobot_camera/share/hikrobot_camera/hook/cmake_prefix_path.ps1'
[2.799s] INFO:colcon.colcon_core.shell:Creating environment descriptor '/home/tomliu/Programs/assignment3-ROS2/install/hikrobot_camera/share/hikrobot_camera/hook/cmake_prefix_path.dsv'
[2.799s] INFO:colcon.colcon_core.shell:Creating environment hook '/home/tomliu/Programs/assignment3-ROS2/install/hikrobot_camera/share/hikrobot_camera/hook/cmake_prefix_path.sh'
[2.799s] Level 1:colcon.colcon_core.environment:checking '/home/tomliu/Programs/assignment3-ROS2/install/hikrobot_camera/lib'
[2.799s] Level 1:colcon.colcon_core.environment:checking '/home/tomliu/Programs/assignment3-ROS2/install/hikrobot_camera/bin'
[2.799s] Level 1:colcon.colcon_core.environment:checking '/home/tomliu/Programs/assignment3-ROS2/install/hikrobot_camera/lib/pkgconfig/hikrobot_camera.pc'
[2.799s] Level 1:colcon.colcon_core.environment:checking '/home/tomliu/Programs/assignment3-ROS2/install/hikrobot_camera/lib/python3.10/site-packages'
[2.799s] Level 1:colcon.colcon_core.environment:checking '/home/tomliu/Programs/assignment3-ROS2/install/hikrobot_camera/bin'
[2.799s] INFO:colcon.colcon_core.shell:Creating package script '/home/tomliu/Programs/assignment3-ROS2/install/hikrobot_camera/share/hikrobot_camera/package.ps1'
[2.800s] INFO:colcon.colcon_core.shell:Creating package descriptor '/home/tomliu/Programs/assignment3-ROS2/install/hikrobot_camera/share/hikrobot_camera/package.dsv'
[2.800s] INFO:colcon.colcon_core.shell:Creating package script '/home/tomliu/Programs/assignment3-ROS2/install/hikrobot_camera/share/hikrobot_camera/package.sh'
[2.800s] INFO:colcon.colcon_core.shell:Creating package script '/home/tomliu/Programs/assignment3-ROS2/install/hikrobot_camera/share/hikrobot_camera/package.bash'
[2.800s] INFO:colcon.colcon_core.shell:Creating package script '/home/tomliu/Programs/assignment3-ROS2/install/hikrobot_camera/share/hikrobot_camera/package.zsh'
[2.801s] Level 1:colcon.colcon_core.environment:create_file_with_runtime_dependencies(/home/tomliu/Programs/assignment3-ROS2/install/hikrobot_camera/share/colcon-core/packages/hikrobot_camera)
[2.801s] DEBUG:colcon.colcon_parallel_executor.executor.parallel:closing loop
[2.801s] DEBUG:colcon.colcon_parallel_executor.executor.parallel:loop closed
[2.801s] DEBUG:colcon.colcon_parallel_executor.executor.parallel:run_until_complete finished with '0'
[2.801s] DEBUG:colcon.colcon_core.event_reactor:joining thread
[2.804s] INFO:colcon.colcon_core.plugin_system:Skipping extension 'colcon_notification.desktop_notification.terminal_notifier': Not used on non-Darwin systems
[2.804s] INFO:colcon.colcon_core.plugin_system:Skipping extension 'colcon_notification.desktop_notification.win32': Not used on non-Windows systems
[2.804s] INFO:colcon.colcon_notification.desktop_notification:Sending desktop notification using 'notify2'
[2.811s] DEBUG:colcon.colcon_core.event_reactor:joined thread
[2.811s] INFO:colcon.colcon_core.shell:Creating prefix script '/home/tomliu/Programs/assignment3-ROS2/install/local_setup.ps1'
[2.812s] INFO:colcon.colcon_core.shell:Creating prefix util module '/home/tomliu/Programs/assignment3-ROS2/install/_local_setup_util_ps1.py'
[2.812s] INFO:colcon.colcon_core.shell:Creating prefix chain script '/home/tomliu/Programs/assignment3-ROS2/install/setup.ps1'
[2.813s] INFO:colcon.colcon_core.shell:Creating prefix script '/home/tomliu/Programs/assignment3-ROS2/install/local_setup.sh'
[2.813s] INFO:colcon.colcon_core.shell:Creating prefix util module '/home/tomliu/Programs/assignment3-ROS2/install/_local_setup_util_sh.py'
[2.813s] INFO:colcon.colcon_core.shell:Creating prefix chain script '/home/tomliu/Programs/assignment3-ROS2/install/setup.sh'
[2.814s] INFO:colcon.colcon_core.shell:Creating prefix script '/home/tomliu/Programs/assignment3-ROS2/install/local_setup.bash'
[2.814s] INFO:colcon.colcon_core.shell:Creating prefix chain script '/home/tomliu/Programs/assignment3-ROS2/install/setup.bash'
[2.814s] INFO:colcon.colcon_core.shell:Creating prefix script '/home/tomliu/Programs/assignment3-ROS2/install/local_setup.zsh'
[2.814s] INFO:colcon.colcon_core.shell:Creating prefix chain script '/home/tomliu/Programs/assignment3-ROS2/install/setup.zsh'
