[0.006s] Invoking command in '/home/tomliu/Programs/assignment3-ROS2/build/hikrobot_camera': CMAKE_PREFIX_PATH=/opt/ros/humble CONDA_PROMPT_MODIFIER=(base) /usr/bin/cmake /home/tomliu/Programs/assignment3-ROS2/src/hikrobot_camera -DCMAKE_EXPORT_COMPILE_COMMANDS=ON -DAMENT_CMAKE_SYMLINK_INSTALL=1 -DCMAKE_INSTALL_PREFIX=/home/tomliu/Programs/assignment3-ROS2/install/hikrobot_camera
[0.015s] -- Found ament_cmake: 1.3.14 (/opt/ros/humble/share/ament_cmake/cmake)
[0.085s] -- Override CMake install command with custom implementation using symlinks instead of copying resources
[0.089s] -- Found rclcpp: 16.0.21 (/opt/ros/humble/share/rclcpp/cmake)
[0.106s] -- Found rosidl_generator_c: 3.1.9 (/opt/ros/humble/share/rosidl_generator_c/cmake)
[0.107s] -- Found rosidl_adapter: 3.1.9 (/opt/ros/humble/share/rosidl_adapter/cmake)
[0.111s] -- Found rosidl_generator_cpp: 3.1.9 (/opt/ros/humble/share/rosidl_generator_cpp/cmake)
[0.116s] -- Using all available rosidl_typesupport_c: rosidl_typesupport_fastrtps_c;rosidl_typesupport_introspection_c
[0.124s] -- Using all available rosidl_typesupport_cpp: rosidl_typesupport_fastrtps_cpp;rosidl_typesupport_introspection_cpp
[0.141s] -- Found rmw_implementation_cmake: 6.1.4 (/opt/ros/humble/share/rmw_implementation_cmake/cmake)
[0.142s] -- Found rmw_fastrtps_cpp: 6.2.10 (/opt/ros/humble/share/rmw_fastrtps_cpp/cmake)
[0.210s] -- Using RMW implementation 'rmw_fastrtps_cpp' as default
[0.295s] -- Configuring done
[0.301s] -- Generating done
[0.303s] -- Build files have been written to: /home/tomliu/Programs/assignment3-ROS2/build/hikrobot_camera
[0.308s] Invoked command in '/home/tomliu/Programs/assignment3-ROS2/build/hikrobot_camera' returned '0': CMAKE_PREFIX_PATH=/opt/ros/humble CONDA_PROMPT_MODIFIER=(base) /usr/bin/cmake /home/tomliu/Programs/assignment3-ROS2/src/hikrobot_camera -DCMAKE_EXPORT_COMPILE_COMMANDS=ON -DAMENT_CMAKE_SYMLINK_INSTALL=1 -DCMAKE_INSTALL_PREFIX=/home/tomliu/Programs/assignment3-ROS2/install/hikrobot_camera
[0.310s] Invoking command in '/home/tomliu/Programs/assignment3-ROS2/build/hikrobot_camera': CMAKE_PREFIX_PATH=/opt/ros/humble CONDA_PROMPT_MODIFIER=(base) /usr/bin/cmake --build /home/tomliu/Programs/assignment3-ROS2/build/hikrobot_camera -- -j32 -l32
[0.347s] Consolidate compiler generated dependencies of target camera_node
[0.358s] [100%] Built target camera_node
[0.366s] Invoked command in '/home/tomliu/Programs/assignment3-ROS2/build/hikrobot_camera' returned '0': CMAKE_PREFIX_PATH=/opt/ros/humble CONDA_PROMPT_MODIFIER=(base) /usr/bin/cmake --build /home/tomliu/Programs/assignment3-ROS2/build/hikrobot_camera -- -j32 -l32
[0.373s] Invoking command in '/home/tomliu/Programs/assignment3-ROS2/build/hikrobot_camera': CMAKE_PREFIX_PATH=/opt/ros/humble CONDA_PROMPT_MODIFIER=(base) /usr/bin/cmake --install /home/tomliu/Programs/assignment3-ROS2/build/hikrobot_camera
[0.379s] -- Install configuration: ""
[0.379s] -- Execute custom install script
[0.379s] -- Up-to-date symlink: /home/tomliu/Programs/assignment3-ROS2/install/hikrobot_camera/lib/hikrobot_camera/camera_node
[0.379s] -- Up-to-date symlink: /home/tomliu/Programs/assignment3-ROS2/install/hikrobot_camera/share/hikrobot_camera/launch/camera.launch.py
[0.380s] -- Up-to-date symlink: /home/tomliu/Programs/assignment3-ROS2/install/hikrobot_camera/share/hikrobot_camera/config/camera.yaml
[0.380s] -- Up-to-date symlink: /home/tomliu/Programs/assignment3-ROS2/install/hikrobot_camera/share/ament_index/resource_index/package_run_dependencies/hikrobot_camera
[0.380s] -- Up-to-date symlink: /home/tomliu/Programs/assignment3-ROS2/install/hikrobot_camera/share/ament_index/resource_index/parent_prefix_path/hikrobot_camera
[0.380s] -- Up-to-date symlink: /home/tomliu/Programs/assignment3-ROS2/install/hikrobot_camera/share/hikrobot_camera/environment/ament_prefix_path.sh
[0.380s] -- Up-to-date symlink: /home/tomliu/Programs/assignment3-ROS2/install/hikrobot_camera/share/hikrobot_camera/environment/ament_prefix_path.dsv
[0.380s] -- Up-to-date symlink: /home/tomliu/Programs/assignment3-ROS2/install/hikrobot_camera/share/hikrobot_camera/environment/path.sh
[0.380s] -- Up-to-date symlink: /home/tomliu/Programs/assignment3-ROS2/install/hikrobot_camera/share/hikrobot_camera/environment/path.dsv
[0.380s] -- Up-to-date symlink: /home/tomliu/Programs/assignment3-ROS2/install/hikrobot_camera/share/hikrobot_camera/local_setup.bash
[0.380s] -- Up-to-date symlink: /home/tomliu/Programs/assignment3-ROS2/install/hikrobot_camera/share/hikrobot_camera/local_setup.sh
[0.380s] -- Up-to-date symlink: /home/tomliu/Programs/assignment3-ROS2/install/hikrobot_camera/share/hikrobot_camera/local_setup.zsh
[0.381s] -- Up-to-date symlink: /home/tomliu/Programs/assignment3-ROS2/install/hikrobot_camera/share/hikrobot_camera/local_setup.dsv
[0.381s] -- Symlinking: /home/tomliu/Programs/assignment3-ROS2/install/hikrobot_camera/share/hikrobot_camera/package.dsv
[0.387s] -- Up-to-date symlink: /home/tomliu/Programs/assignment3-ROS2/install/hikrobot_camera/share/ament_index/resource_index/packages/hikrobot_camera
[0.387s] -- Up-to-date symlink: /home/tomliu/Programs/assignment3-ROS2/install/hikrobot_camera/share/hikrobot_camera/cmake/hikrobot_cameraConfig.cmake
[0.387s] -- Up-to-date symlink: /home/tomliu/Programs/assignment3-ROS2/install/hikrobot_camera/share/hikrobot_camera/cmake/hikrobot_cameraConfig-version.cmake
[0.387s] -- Up-to-date symlink: /home/tomliu/Programs/assignment3-ROS2/install/hikrobot_camera/share/hikrobot_camera/package.xml
[0.389s] Invoked command in '/home/tomliu/Programs/assignment3-ROS2/build/hikrobot_camera' returned '0': CMAKE_PREFIX_PATH=/opt/ros/humble CONDA_PROMPT_MODIFIER=(base) /usr/bin/cmake --install /home/tomliu/Programs/assignment3-ROS2/build/hikrobot_camera
